#-----------------------------------------------------------
# xsim v2024.2 (64-bit)
# SW Build 5239630 on Fri Nov 08 22:34:34 MST 2024
# IP Build 5239520 on Sun Nov 10 16:12:51 MST 2024
# SharedData Build 5239561 on Fri Nov 08 14:39:27 MST 2024
# Start of session at: Tue Apr 28 10:00:07 2026
# Process ID         : 5981
# Current directory  : /home/adnan/Desktop/WISHBONE-MEMORY
# Command line       : xsim -mode tcl -source {xsim.dir/wb_vip_tb/xsim_script.tcl}
# Log file           : /home/adnan/Desktop/WISHBONE-MEMORY/xsim.log
# Journal file       : /home/adnan/Desktop/WISHBONE-MEMORY/xsim.jou
# Running On         : adn-dv-06
# Platform           : Ubuntu
# Operating System   : Ubuntu 20.04.6 LTS
# Processor Detail   : Intel(R) Core(TM) i5-10400 CPU @ 2.90GHz
# CPU Frequency      : 2900.000 MHz
# CPU Physical cores : 6
# CPU Logical cores  : 12
# Host memory        : 16498 MB
# Swap memory        : 2147 MB
# Total Virtual      : 18645 MB
# Available Virtual  : 15268 MB
#-----------------------------------------------------------
source xsim.dir/wb_vip_tb/xsim_script.tcl
run -all
